INFO - 2024-11-28 19:00:24 --> Session: Class initialized using 'CodeIgniter\Session\Handlers\FileHandler' driver.
CRITICAL - 2024-11-28 19:00:24 --> ErrorException: Trying to access array offset on null
[Method: GET, Route: element/show]
in APPPATH\Controllers\Element.php on line 60.
 1 APPPATH\Controllers\Element.php(60): CodeIgniter\Debug\Exceptions->errorHandler(2, 'Trying to access array offset on null', 'C:\\PROJECT_WM_SENA_W\\app\\Controllers\\Element.php', 60)
 2 SYSTEMPATH\CodeIgniter.php(933): App\Controllers\Element->index()
 3 SYSTEMPATH\CodeIgniter.php(509): CodeIgniter\CodeIgniter->runController(Object(App\Controllers\Element))
 4 SYSTEMPATH\CodeIgniter.php(355): CodeIgniter\CodeIgniter->handleRequest(null, Object(Config\Cache), false)
 5 SYSTEMPATH\Boot.php(312): CodeIgniter\CodeIgniter->run()
 6 SYSTEMPATH\Boot.php(67): CodeIgniter\Boot::runCodeIgniter(Object(CodeIgniter\CodeIgniter))
 7 FCPATH\index.php(56): CodeIgniter\Boot::bootWeb(Object(Config\Paths))
 8 SYSTEMPATH\Commands\Server\rewrite.php(49): require_once('C:\\PROJECT_WM_SENA_W\\public\\index.php')
INFO - 2024-11-28 19:00:25 --> Session: Class initialized using 'CodeIgniter\Session\Handlers\FileHandler' driver.
INFO - 2024-11-28 19:00:34 --> Session: Class initialized using 'CodeIgniter\Session\Handlers\FileHandler' driver.
INFO - 2024-11-28 19:00:35 --> Session: Class initialized using 'CodeIgniter\Session\Handlers\FileHandler' driver.
CRITICAL - 2024-11-28 19:00:35 --> ErrorException: Undefined variable $user_elements
[Method: GET, Route: dashboard]
in APPPATH\Views\dashboard\dashboard_view.php on line 58.
 1 APPPATH\Views\dashboard\dashboard_view.php(58): CodeIgniter\Debug\Exceptions->errorHandler(2, 'Undefined variable $user_elements', 'C:\\PROJECT_WM_SENA_W\\app\\Views\\dashboard\\dashboard_view.php', 58)
 2 SYSTEMPATH\View\View.php(234): include('C:\\PROJECT_WM_SENA_W\\app\\Views\\dashboard\\dashboard_view.php')
 3 SYSTEMPATH\View\View.php(237): CodeIgniter\View\View->CodeIgniter\View\{closure}()
 4 SYSTEMPATH\Common.php(1171): CodeIgniter\View\View->render('dashboard/dashboard_view', [], true)
 5 APPPATH\Controllers\Dashboard.php(36): view('dashboard/dashboard_view', [...])
 6 SYSTEMPATH\CodeIgniter.php(933): App\Controllers\Dashboard->index()
 7 SYSTEMPATH\CodeIgniter.php(509): CodeIgniter\CodeIgniter->runController(Object(App\Controllers\Dashboard))
 8 SYSTEMPATH\CodeIgniter.php(355): CodeIgniter\CodeIgniter->handleRequest(null, Object(Config\Cache), false)
 9 SYSTEMPATH\Boot.php(312): CodeIgniter\CodeIgniter->run()
10 SYSTEMPATH\Boot.php(67): CodeIgniter\Boot::runCodeIgniter(Object(CodeIgniter\CodeIgniter))
11 FCPATH\index.php(56): CodeIgniter\Boot::bootWeb(Object(Config\Paths))
12 SYSTEMPATH\Commands\Server\rewrite.php(49): require_once('C:\\PROJECT_WM_SENA_W\\public\\index.php')
INFO - 2024-11-28 19:04:57 --> Session: Class initialized using 'CodeIgniter\Session\Handlers\FileHandler' driver.
INFO - 2024-11-28 19:23:36 --> Session: Class initialized using 'CodeIgniter\Session\Handlers\FileHandler' driver.
INFO - 2024-11-28 19:24:43 --> Session: Class initialized using 'CodeIgniter\Session\Handlers\FileHandler' driver.
INFO - 2024-11-28 19:24:54 --> Session: Class initialized using 'CodeIgniter\Session\Handlers\FileHandler' driver.
INFO - 2024-11-28 19:25:08 --> Session: Class initialized using 'CodeIgniter\Session\Handlers\FileHandler' driver.
INFO - 2024-11-28 19:28:23 --> Session: Class initialized using 'CodeIgniter\Session\Handlers\FileHandler' driver.
INFO - 2024-11-28 19:33:36 --> Session: Class initialized using 'CodeIgniter\Session\Handlers\FileHandler' driver.
INFO - 2024-11-28 19:34:11 --> Session: Class initialized using 'CodeIgniter\Session\Handlers\FileHandler' driver.
INFO - 2024-11-28 19:34:16 --> Session: Class initialized using 'CodeIgniter\Session\Handlers\FileHandler' driver.
INFO - 2024-11-28 19:37:20 --> Session: Class initialized using 'CodeIgniter\Session\Handlers\FileHandler' driver.
INFO - 2024-11-28 19:37:47 --> Session: Class initialized using 'CodeIgniter\Session\Handlers\FileHandler' driver.
INFO - 2024-11-28 19:38:11 --> Session: Class initialized using 'CodeIgniter\Session\Handlers\FileHandler' driver.
INFO - 2024-11-28 19:38:48 --> Session: Class initialized using 'CodeIgniter\Session\Handlers\FileHandler' driver.
INFO - 2024-11-28 19:40:50 --> Session: Class initialized using 'CodeIgniter\Session\Handlers\FileHandler' driver.
INFO - 2024-11-28 19:41:37 --> Session: Class initialized using 'CodeIgniter\Session\Handlers\FileHandler' driver.
INFO - 2024-11-28 19:41:55 --> Session: Class initialized using 'CodeIgniter\Session\Handlers\FileHandler' driver.
INFO - 2024-11-28 19:43:41 --> Session: Class initialized using 'CodeIgniter\Session\Handlers\FileHandler' driver.
INFO - 2024-11-28 19:45:55 --> Session: Class initialized using 'CodeIgniter\Session\Handlers\FileHandler' driver.
INFO - 2024-11-28 20:09:04 --> Session: Class initialized using 'CodeIgniter\Session\Handlers\FileHandler' driver.
ERROR - 2024-11-28 20:09:05 --> mysqli_sql_exception: Unknown column 'b.Brand_nombre' in 'field list' in C:\PROJECT_WM_SENA_W\vendor\codeigniter4\framework\system\Database\MySQLi\Connection.php:308
Stack trace:
#0 C:\PROJECT_WM_SENA_W\vendor\codeigniter4\framework\system\Database\MySQLi\Connection.php(308): mysqli->query('CALL sp_element...', 0)
#1 C:\PROJECT_WM_SENA_W\vendor\codeigniter4\framework\system\Database\BaseConnection.php(722): CodeIgniter\Database\MySQLi\Connection->execute('CALL sp_element...')
#2 C:\PROJECT_WM_SENA_W\vendor\codeigniter4\framework\system\Database\BaseConnection.php(636): CodeIgniter\Database\BaseConnection->simpleQuery('CALL sp_element...')
#3 C:\PROJECT_WM_SENA_W\app\Models\ElementModel.php(36): CodeIgniter\Database\BaseConnection->query('CALL sp_element...')
#4 C:\PROJECT_WM_SENA_W\app\Controllers\Dashboard.php(41): App\Models\ElementModel->sp_elements_by_brand()
#5 C:\PROJECT_WM_SENA_W\vendor\codeigniter4\framework\system\CodeIgniter.php(933): App\Controllers\Dashboard->index()
#6 C:\PROJECT_WM_SENA_W\vendor\codeigniter4\framework\system\CodeIgniter.php(509): CodeIgniter\CodeIgniter->runController(Object(App\Controllers\Dashboard))
#7 C:\PROJECT_WM_SENA_W\vendor\codeigniter4\framework\system\CodeIgniter.php(355): CodeIgniter\CodeIgniter->handleRequest(NULL, Object(Config\Cache), false)
#8 C:\PROJECT_WM_SENA_W\vendor\codeigniter4\framework\system\Boot.php(312): CodeIgniter\CodeIgniter->run()
#9 C:\PROJECT_WM_SENA_W\vendor\codeigniter4\framework\system\Boot.php(67): CodeIgniter\Boot::runCodeIgniter(Object(CodeIgniter\CodeIgniter))
#10 C:\PROJECT_WM_SENA_W\public\index.php(56): CodeIgniter\Boot::bootWeb(Object(Config\Paths))
#11 C:\PROJECT_WM_SENA_W\vendor\codeigniter4\framework\system\Commands\Server\rewrite.php(49): require_once('C:\\PROJECT_WM_S...')
#12 {main}
CRITICAL - 2024-11-28 20:09:05 --> CodeIgniter\Database\Exceptions\DatabaseException: Unknown column 'b.Brand_nombre' in 'field list'
[Method: GET, Route: dashboard]
in SYSTEMPATH\Database\BaseConnection.php on line 676.
 1 APPPATH\Models\ElementModel.php(36): CodeIgniter\Database\BaseConnection->query('CALL sp_elements_by_brand()')
 2 APPPATH\Controllers\Dashboard.php(41): App\Models\ElementModel->sp_elements_by_brand()
 3 SYSTEMPATH\CodeIgniter.php(933): App\Controllers\Dashboard->index()
 4 SYSTEMPATH\CodeIgniter.php(509): CodeIgniter\CodeIgniter->runController(Object(App\Controllers\Dashboard))
 5 SYSTEMPATH\CodeIgniter.php(355): CodeIgniter\CodeIgniter->handleRequest(null, Object(Config\Cache), false)
 6 SYSTEMPATH\Boot.php(312): CodeIgniter\CodeIgniter->run()
 7 SYSTEMPATH\Boot.php(67): CodeIgniter\Boot::runCodeIgniter(Object(CodeIgniter\CodeIgniter))
 8 FCPATH\index.php(56): CodeIgniter\Boot::bootWeb(Object(Config\Paths))
 9 SYSTEMPATH\Commands\Server\rewrite.php(49): require_once('C:\\PROJECT_WM_SENA_W\\public\\index.php')
CRITICAL - 2024-11-28 20:09:05 --> [Caused by] CodeIgniter\Database\Exceptions\DatabaseException: Unknown column 'b.Brand_nombre' in 'field list'
in SYSTEMPATH\Database\MySQLi\Connection.php on line 313.
 1 SYSTEMPATH\Database\BaseConnection.php(722): CodeIgniter\Database\MySQLi\Connection->execute('CALL sp_elements_by_brand()')
 2 SYSTEMPATH\Database\BaseConnection.php(636): CodeIgniter\Database\BaseConnection->simpleQuery('CALL sp_elements_by_brand()')
 3 APPPATH\Models\ElementModel.php(36): CodeIgniter\Database\BaseConnection->query('CALL sp_elements_by_brand()')
 4 APPPATH\Controllers\Dashboard.php(41): App\Models\ElementModel->sp_elements_by_brand()
 5 SYSTEMPATH\CodeIgniter.php(933): App\Controllers\Dashboard->index()
 6 SYSTEMPATH\CodeIgniter.php(509): CodeIgniter\CodeIgniter->runController(Object(App\Controllers\Dashboard))
 7 SYSTEMPATH\CodeIgniter.php(355): CodeIgniter\CodeIgniter->handleRequest(null, Object(Config\Cache), false)
 8 SYSTEMPATH\Boot.php(312): CodeIgniter\CodeIgniter->run()
 9 SYSTEMPATH\Boot.php(67): CodeIgniter\Boot::runCodeIgniter(Object(CodeIgniter\CodeIgniter))
10 FCPATH\index.php(56): CodeIgniter\Boot::bootWeb(Object(Config\Paths))
11 SYSTEMPATH\Commands\Server\rewrite.php(49): require_once('C:\\PROJECT_WM_SENA_W\\public\\index.php')
CRITICAL - 2024-11-28 20:09:05 --> [Caused by] mysqli_sql_exception: Unknown column 'b.Brand_nombre' in 'field list'
in SYSTEMPATH\Database\MySQLi\Connection.php on line 308.
 1 SYSTEMPATH\Database\MySQLi\Connection.php(308): mysqli->query('CALL sp_elements_by_brand()', 0)
 2 SYSTEMPATH\Database\BaseConnection.php(722): CodeIgniter\Database\MySQLi\Connection->execute('CALL sp_elements_by_brand()')
 3 SYSTEMPATH\Database\BaseConnection.php(636): CodeIgniter\Database\BaseConnection->simpleQuery('CALL sp_elements_by_brand()')
 4 APPPATH\Models\ElementModel.php(36): CodeIgniter\Database\BaseConnection->query('CALL sp_elements_by_brand()')
 5 APPPATH\Controllers\Dashboard.php(41): App\Models\ElementModel->sp_elements_by_brand()
 6 SYSTEMPATH\CodeIgniter.php(933): App\Controllers\Dashboard->index()
 7 SYSTEMPATH\CodeIgniter.php(509): CodeIgniter\CodeIgniter->runController(Object(App\Controllers\Dashboard))
 8 SYSTEMPATH\CodeIgniter.php(355): CodeIgniter\CodeIgniter->handleRequest(null, Object(Config\Cache), false)
 9 SYSTEMPATH\Boot.php(312): CodeIgniter\CodeIgniter->run()
10 SYSTEMPATH\Boot.php(67): CodeIgniter\Boot::runCodeIgniter(Object(CodeIgniter\CodeIgniter))
11 FCPATH\index.php(56): CodeIgniter\Boot::bootWeb(Object(Config\Paths))
12 SYSTEMPATH\Commands\Server\rewrite.php(49): require_once('C:\\PROJECT_WM_SENA_W\\public\\index.php')
INFO - 2024-11-28 20:09:10 --> Session: Class initialized using 'CodeIgniter\Session\Handlers\FileHandler' driver.
INFO - 2024-11-28 20:09:12 --> Session: Class initialized using 'CodeIgniter\Session\Handlers\FileHandler' driver.
ERROR - 2024-11-28 20:09:12 --> mysqli_sql_exception: Unknown column 'b.Brand_nombre' in 'field list' in C:\PROJECT_WM_SENA_W\vendor\codeigniter4\framework\system\Database\MySQLi\Connection.php:308
Stack trace:
#0 C:\PROJECT_WM_SENA_W\vendor\codeigniter4\framework\system\Database\MySQLi\Connection.php(308): mysqli->query('CALL sp_element...', 0)
#1 C:\PROJECT_WM_SENA_W\vendor\codeigniter4\framework\system\Database\BaseConnection.php(722): CodeIgniter\Database\MySQLi\Connection->execute('CALL sp_element...')
#2 C:\PROJECT_WM_SENA_W\vendor\codeigniter4\framework\system\Database\BaseConnection.php(636): CodeIgniter\Database\BaseConnection->simpleQuery('CALL sp_element...')
#3 C:\PROJECT_WM_SENA_W\app\Models\ElementModel.php(36): CodeIgniter\Database\BaseConnection->query('CALL sp_element...')
#4 C:\PROJECT_WM_SENA_W\app\Controllers\Dashboard.php(41): App\Models\ElementModel->sp_elements_by_brand()
#5 C:\PROJECT_WM_SENA_W\vendor\codeigniter4\framework\system\CodeIgniter.php(933): App\Controllers\Dashboard->index()
#6 C:\PROJECT_WM_SENA_W\vendor\codeigniter4\framework\system\CodeIgniter.php(509): CodeIgniter\CodeIgniter->runController(Object(App\Controllers\Dashboard))
#7 C:\PROJECT_WM_SENA_W\vendor\codeigniter4\framework\system\CodeIgniter.php(355): CodeIgniter\CodeIgniter->handleRequest(NULL, Object(Config\Cache), false)
#8 C:\PROJECT_WM_SENA_W\vendor\codeigniter4\framework\system\Boot.php(312): CodeIgniter\CodeIgniter->run()
#9 C:\PROJECT_WM_SENA_W\vendor\codeigniter4\framework\system\Boot.php(67): CodeIgniter\Boot::runCodeIgniter(Object(CodeIgniter\CodeIgniter))
#10 C:\PROJECT_WM_SENA_W\public\index.php(56): CodeIgniter\Boot::bootWeb(Object(Config\Paths))
#11 C:\PROJECT_WM_SENA_W\vendor\codeigniter4\framework\system\Commands\Server\rewrite.php(49): require_once('C:\\PROJECT_WM_S...')
#12 {main}
CRITICAL - 2024-11-28 20:09:12 --> CodeIgniter\Database\Exceptions\DatabaseException: Unknown column 'b.Brand_nombre' in 'field list'
[Method: GET, Route: dashboard]
in SYSTEMPATH\Database\BaseConnection.php on line 676.
 1 APPPATH\Models\ElementModel.php(36): CodeIgniter\Database\BaseConnection->query('CALL sp_elements_by_brand()')
 2 APPPATH\Controllers\Dashboard.php(41): App\Models\ElementModel->sp_elements_by_brand()
 3 SYSTEMPATH\CodeIgniter.php(933): App\Controllers\Dashboard->index()
 4 SYSTEMPATH\CodeIgniter.php(509): CodeIgniter\CodeIgniter->runController(Object(App\Controllers\Dashboard))
 5 SYSTEMPATH\CodeIgniter.php(355): CodeIgniter\CodeIgniter->handleRequest(null, Object(Config\Cache), false)
 6 SYSTEMPATH\Boot.php(312): CodeIgniter\CodeIgniter->run()
 7 SYSTEMPATH\Boot.php(67): CodeIgniter\Boot::runCodeIgniter(Object(CodeIgniter\CodeIgniter))
 8 FCPATH\index.php(56): CodeIgniter\Boot::bootWeb(Object(Config\Paths))
 9 SYSTEMPATH\Commands\Server\rewrite.php(49): require_once('C:\\PROJECT_WM_SENA_W\\public\\index.php')
CRITICAL - 2024-11-28 20:09:12 --> [Caused by] CodeIgniter\Database\Exceptions\DatabaseException: Unknown column 'b.Brand_nombre' in 'field list'
in SYSTEMPATH\Database\MySQLi\Connection.php on line 313.
 1 SYSTEMPATH\Database\BaseConnection.php(722): CodeIgniter\Database\MySQLi\Connection->execute('CALL sp_elements_by_brand()')
 2 SYSTEMPATH\Database\BaseConnection.php(636): CodeIgniter\Database\BaseConnection->simpleQuery('CALL sp_elements_by_brand()')
 3 APPPATH\Models\ElementModel.php(36): CodeIgniter\Database\BaseConnection->query('CALL sp_elements_by_brand()')
 4 APPPATH\Controllers\Dashboard.php(41): App\Models\ElementModel->sp_elements_by_brand()
 5 SYSTEMPATH\CodeIgniter.php(933): App\Controllers\Dashboard->index()
 6 SYSTEMPATH\CodeIgniter.php(509): CodeIgniter\CodeIgniter->runController(Object(App\Controllers\Dashboard))
 7 SYSTEMPATH\CodeIgniter.php(355): CodeIgniter\CodeIgniter->handleRequest(null, Object(Config\Cache), false)
 8 SYSTEMPATH\Boot.php(312): CodeIgniter\CodeIgniter->run()
 9 SYSTEMPATH\Boot.php(67): CodeIgniter\Boot::runCodeIgniter(Object(CodeIgniter\CodeIgniter))
10 FCPATH\index.php(56): CodeIgniter\Boot::bootWeb(Object(Config\Paths))
11 SYSTEMPATH\Commands\Server\rewrite.php(49): require_once('C:\\PROJECT_WM_SENA_W\\public\\index.php')
CRITICAL - 2024-11-28 20:09:12 --> [Caused by] mysqli_sql_exception: Unknown column 'b.Brand_nombre' in 'field list'
in SYSTEMPATH\Database\MySQLi\Connection.php on line 308.
 1 SYSTEMPATH\Database\MySQLi\Connection.php(308): mysqli->query('CALL sp_elements_by_brand()', 0)
 2 SYSTEMPATH\Database\BaseConnection.php(722): CodeIgniter\Database\MySQLi\Connection->execute('CALL sp_elements_by_brand()')
 3 SYSTEMPATH\Database\BaseConnection.php(636): CodeIgniter\Database\BaseConnection->simpleQuery('CALL sp_elements_by_brand()')
 4 APPPATH\Models\ElementModel.php(36): CodeIgniter\Database\BaseConnection->query('CALL sp_elements_by_brand()')
 5 APPPATH\Controllers\Dashboard.php(41): App\Models\ElementModel->sp_elements_by_brand()
 6 SYSTEMPATH\CodeIgniter.php(933): App\Controllers\Dashboard->index()
 7 SYSTEMPATH\CodeIgniter.php(509): CodeIgniter\CodeIgniter->runController(Object(App\Controllers\Dashboard))
 8 SYSTEMPATH\CodeIgniter.php(355): CodeIgniter\CodeIgniter->handleRequest(null, Object(Config\Cache), false)
 9 SYSTEMPATH\Boot.php(312): CodeIgniter\CodeIgniter->run()
10 SYSTEMPATH\Boot.php(67): CodeIgniter\Boot::runCodeIgniter(Object(CodeIgniter\CodeIgniter))
11 FCPATH\index.php(56): CodeIgniter\Boot::bootWeb(Object(Config\Paths))
12 SYSTEMPATH\Commands\Server\rewrite.php(49): require_once('C:\\PROJECT_WM_SENA_W\\public\\index.php')
INFO - 2024-11-28 20:10:18 --> Session: Class initialized using 'CodeIgniter\Session\Handlers\FileHandler' driver.
INFO - 2024-11-28 20:10:28 --> Session: Class initialized using 'CodeIgniter\Session\Handlers\FileHandler' driver.
INFO - 2024-11-28 20:10:29 --> Session: Class initialized using 'CodeIgniter\Session\Handlers\FileHandler' driver.
ERROR - 2024-11-28 20:10:29 --> mysqli_sql_exception: Unknown column 'b.Brand_nombre' in 'field list' in C:\PROJECT_WM_SENA_W\vendor\codeigniter4\framework\system\Database\MySQLi\Connection.php:308
Stack trace:
#0 C:\PROJECT_WM_SENA_W\vendor\codeigniter4\framework\system\Database\MySQLi\Connection.php(308): mysqli->query('CALL sp_element...', 0)
#1 C:\PROJECT_WM_SENA_W\vendor\codeigniter4\framework\system\Database\BaseConnection.php(722): CodeIgniter\Database\MySQLi\Connection->execute('CALL sp_element...')
#2 C:\PROJECT_WM_SENA_W\vendor\codeigniter4\framework\system\Database\BaseConnection.php(636): CodeIgniter\Database\BaseConnection->simpleQuery('CALL sp_element...')
#3 C:\PROJECT_WM_SENA_W\app\Models\ElementModel.php(36): CodeIgniter\Database\BaseConnection->query('CALL sp_element...')
#4 C:\PROJECT_WM_SENA_W\app\Controllers\Dashboard.php(41): App\Models\ElementModel->sp_elements_by_brand()
#5 C:\PROJECT_WM_SENA_W\vendor\codeigniter4\framework\system\CodeIgniter.php(933): App\Controllers\Dashboard->index()
#6 C:\PROJECT_WM_SENA_W\vendor\codeigniter4\framework\system\CodeIgniter.php(509): CodeIgniter\CodeIgniter->runController(Object(App\Controllers\Dashboard))
#7 C:\PROJECT_WM_SENA_W\vendor\codeigniter4\framework\system\CodeIgniter.php(355): CodeIgniter\CodeIgniter->handleRequest(NULL, Object(Config\Cache), false)
#8 C:\PROJECT_WM_SENA_W\vendor\codeigniter4\framework\system\Boot.php(312): CodeIgniter\CodeIgniter->run()
#9 C:\PROJECT_WM_SENA_W\vendor\codeigniter4\framework\system\Boot.php(67): CodeIgniter\Boot::runCodeIgniter(Object(CodeIgniter\CodeIgniter))
#10 C:\PROJECT_WM_SENA_W\public\index.php(56): CodeIgniter\Boot::bootWeb(Object(Config\Paths))
#11 C:\PROJECT_WM_SENA_W\vendor\codeigniter4\framework\system\Commands\Server\rewrite.php(49): require_once('C:\\PROJECT_WM_S...')
#12 {main}
CRITICAL - 2024-11-28 20:10:29 --> CodeIgniter\Database\Exceptions\DatabaseException: Unknown column 'b.Brand_nombre' in 'field list'
[Method: GET, Route: dashboard]
in SYSTEMPATH\Database\BaseConnection.php on line 676.
 1 APPPATH\Models\ElementModel.php(36): CodeIgniter\Database\BaseConnection->query('CALL sp_elements_by_brand()')
 2 APPPATH\Controllers\Dashboard.php(41): App\Models\ElementModel->sp_elements_by_brand()
 3 SYSTEMPATH\CodeIgniter.php(933): App\Controllers\Dashboard->index()
 4 SYSTEMPATH\CodeIgniter.php(509): CodeIgniter\CodeIgniter->runController(Object(App\Controllers\Dashboard))
 5 SYSTEMPATH\CodeIgniter.php(355): CodeIgniter\CodeIgniter->handleRequest(null, Object(Config\Cache), false)
 6 SYSTEMPATH\Boot.php(312): CodeIgniter\CodeIgniter->run()
 7 SYSTEMPATH\Boot.php(67): CodeIgniter\Boot::runCodeIgniter(Object(CodeIgniter\CodeIgniter))
 8 FCPATH\index.php(56): CodeIgniter\Boot::bootWeb(Object(Config\Paths))
 9 SYSTEMPATH\Commands\Server\rewrite.php(49): require_once('C:\\PROJECT_WM_SENA_W\\public\\index.php')
CRITICAL - 2024-11-28 20:10:29 --> [Caused by] CodeIgniter\Database\Exceptions\DatabaseException: Unknown column 'b.Brand_nombre' in 'field list'
in SYSTEMPATH\Database\MySQLi\Connection.php on line 313.
 1 SYSTEMPATH\Database\BaseConnection.php(722): CodeIgniter\Database\MySQLi\Connection->execute('CALL sp_elements_by_brand()')
 2 SYSTEMPATH\Database\BaseConnection.php(636): CodeIgniter\Database\BaseConnection->simpleQuery('CALL sp_elements_by_brand()')
 3 APPPATH\Models\ElementModel.php(36): CodeIgniter\Database\BaseConnection->query('CALL sp_elements_by_brand()')
 4 APPPATH\Controllers\Dashboard.php(41): App\Models\ElementModel->sp_elements_by_brand()
 5 SYSTEMPATH\CodeIgniter.php(933): App\Controllers\Dashboard->index()
 6 SYSTEMPATH\CodeIgniter.php(509): CodeIgniter\CodeIgniter->runController(Object(App\Controllers\Dashboard))
 7 SYSTEMPATH\CodeIgniter.php(355): CodeIgniter\CodeIgniter->handleRequest(null, Object(Config\Cache), false)
 8 SYSTEMPATH\Boot.php(312): CodeIgniter\CodeIgniter->run()
 9 SYSTEMPATH\Boot.php(67): CodeIgniter\Boot::runCodeIgniter(Object(CodeIgniter\CodeIgniter))
10 FCPATH\index.php(56): CodeIgniter\Boot::bootWeb(Object(Config\Paths))
11 SYSTEMPATH\Commands\Server\rewrite.php(49): require_once('C:\\PROJECT_WM_SENA_W\\public\\index.php')
CRITICAL - 2024-11-28 20:10:29 --> [Caused by] mysqli_sql_exception: Unknown column 'b.Brand_nombre' in 'field list'
in SYSTEMPATH\Database\MySQLi\Connection.php on line 308.
 1 SYSTEMPATH\Database\MySQLi\Connection.php(308): mysqli->query('CALL sp_elements_by_brand()', 0)
 2 SYSTEMPATH\Database\BaseConnection.php(722): CodeIgniter\Database\MySQLi\Connection->execute('CALL sp_elements_by_brand()')
 3 SYSTEMPATH\Database\BaseConnection.php(636): CodeIgniter\Database\BaseConnection->simpleQuery('CALL sp_elements_by_brand()')
 4 APPPATH\Models\ElementModel.php(36): CodeIgniter\Database\BaseConnection->query('CALL sp_elements_by_brand()')
 5 APPPATH\Controllers\Dashboard.php(41): App\Models\ElementModel->sp_elements_by_brand()
 6 SYSTEMPATH\CodeIgniter.php(933): App\Controllers\Dashboard->index()
 7 SYSTEMPATH\CodeIgniter.php(509): CodeIgniter\CodeIgniter->runController(Object(App\Controllers\Dashboard))
 8 SYSTEMPATH\CodeIgniter.php(355): CodeIgniter\CodeIgniter->handleRequest(null, Object(Config\Cache), false)
 9 SYSTEMPATH\Boot.php(312): CodeIgniter\CodeIgniter->run()
10 SYSTEMPATH\Boot.php(67): CodeIgniter\Boot::runCodeIgniter(Object(CodeIgniter\CodeIgniter))
11 FCPATH\index.php(56): CodeIgniter\Boot::bootWeb(Object(Config\Paths))
12 SYSTEMPATH\Commands\Server\rewrite.php(49): require_once('C:\\PROJECT_WM_SENA_W\\public\\index.php')
INFO - 2024-11-28 20:13:37 --> Session: Class initialized using 'CodeIgniter\Session\Handlers\FileHandler' driver.
INFO - 2024-11-28 20:15:34 --> Session: Class initialized using 'CodeIgniter\Session\Handlers\FileHandler' driver.
INFO - 2024-11-28 20:20:53 --> Session: Class initialized using 'CodeIgniter\Session\Handlers\FileHandler' driver.
INFO - 2024-11-28 20:21:19 --> Session: Class initialized using 'CodeIgniter\Session\Handlers\FileHandler' driver.
INFO - 2024-11-28 20:22:41 --> Session: Class initialized using 'CodeIgniter\Session\Handlers\FileHandler' driver.
INFO - 2024-11-28 20:29:51 --> Session: Class initialized using 'CodeIgniter\Session\Handlers\FileHandler' driver.
INFO - 2024-11-28 20:30:14 --> Session: Class initialized using 'CodeIgniter\Session\Handlers\FileHandler' driver.
INFO - 2024-11-28 20:30:29 --> Session: Class initialized using 'CodeIgniter\Session\Handlers\FileHandler' driver.
INFO - 2024-11-28 20:31:39 --> Session: Class initialized using 'CodeIgniter\Session\Handlers\FileHandler' driver.
INFO - 2024-11-28 20:32:26 --> Session: Class initialized using 'CodeIgniter\Session\Handlers\FileHandler' driver.
INFO - 2024-11-28 20:32:58 --> Session: Class initialized using 'CodeIgniter\Session\Handlers\FileHandler' driver.
INFO - 2024-11-28 20:33:16 --> Session: Class initialized using 'CodeIgniter\Session\Handlers\FileHandler' driver.
INFO - 2024-11-28 20:34:37 --> Session: Class initialized using 'CodeIgniter\Session\Handlers\FileHandler' driver.
INFO - 2024-11-28 20:35:05 --> Session: Class initialized using 'CodeIgniter\Session\Handlers\FileHandler' driver.
INFO - 2024-11-28 20:36:33 --> Session: Class initialized using 'CodeIgniter\Session\Handlers\FileHandler' driver.
INFO - 2024-11-28 20:36:51 --> Session: Class initialized using 'CodeIgniter\Session\Handlers\FileHandler' driver.
INFO - 2024-11-28 20:37:04 --> Session: Class initialized using 'CodeIgniter\Session\Handlers\FileHandler' driver.
INFO - 2024-11-28 20:41:16 --> Session: Class initialized using 'CodeIgniter\Session\Handlers\FileHandler' driver.
INFO - 2024-11-28 20:41:31 --> Session: Class initialized using 'CodeIgniter\Session\Handlers\FileHandler' driver.
INFO - 2024-11-28 20:43:20 --> Session: Class initialized using 'CodeIgniter\Session\Handlers\FileHandler' driver.
INFO - 2024-11-28 20:43:58 --> Session: Class initialized using 'CodeIgniter\Session\Handlers\FileHandler' driver.
INFO - 2024-11-28 20:44:34 --> Session: Class initialized using 'CodeIgniter\Session\Handlers\FileHandler' driver.
INFO - 2024-11-28 20:44:44 --> Session: Class initialized using 'CodeIgniter\Session\Handlers\FileHandler' driver.
INFO - 2024-11-28 20:44:58 --> Session: Class initialized using 'CodeIgniter\Session\Handlers\FileHandler' driver.
INFO - 2024-11-28 21:06:58 --> Session: Class initialized using 'CodeIgniter\Session\Handlers\FileHandler' driver.
INFO - 2024-11-28 21:07:04 --> Session: Class initialized using 'CodeIgniter\Session\Handlers\FileHandler' driver.
